[33mÔØ»[39m Building...
[32mÔ£ö[39m Building...
[1mInitial chunk files[22m  [2m | [22m[1mNames[22m                   [2m | [22m [1mRaw size[22m[2m | [22m[1mEstimated transfer size[22m
[32mstyles-7FQZXZKE.css[39m  [2m | [22m[2mstyles[22m                  [2m | [22m[36m360.38 kB[39m[2m | [22m               [36m38.46 kB[39m
[32mchunk-2T7JBSPY.js[39m    [2m | [22m[2m-[22m                       [2m | [22m[36m195.14 kB[39m[2m | [22m               [36m55.69 kB[39m
[32mchunk-VW7W3BQI.js[39m    [2m | [22m[2m-[22m                       [2m | [22m [36m84.06 kB[39m[2m | [22m               [36m21.32 kB[39m
[32mscripts-TTWY4XDY.js[39m  [2m | [22m[2mscripts[22m                 [2m | [22m [36m80.45 kB[39m[2m | [22m               [36m21.60 kB[39m
[32mpolyfills-5CFQRCPP.js[39m[2m | [22m[2mpolyfills[22m               [2m | [22m [36m34.59 kB[39m[2m | [22m               [36m11.33 kB[39m
[32mmain-ADRFY7GW.js[39m     [2m | [22m[2mmain[22m                    [2m | [22m  [36m6.07 kB[39m[2m | [22m                [36m1.88 kB[39m
[32mchunk-RZYFZVQ3.js[39m    [2m | [22m[2m-[22m                       [2m | [22m  [36m3.01 kB[39m[2m | [22m                [36m1.00 kB[39m
[32mchunk-4PY5DVT3.js[39m    [2m | [22m[2m-[22m                       [2m | [22m[36m836 bytes[39m[2m | [22m              [36m836 bytes[39m
[32mchunk-2VMXMS7J.js[39m    [2m | [22m[2m-[22m                       [2m | [22m[36m661 bytes[39m[2m | [22m              [36m661 bytes[39m

[1m [22m                    [2m | [22m[1mInitial total[22m           [2m | [22m[1m765.19 kB[22m[2m | [22m              [1m152.79 kB[22m

[1mLazy chunk files[22m     [2m | [22m[1mNames[22m                   [2m | [22m [1mRaw size[22m[2m | [22m[1mEstimated transfer size[22m
[32mchunk-R2B2STIC.js[39m    [2m | [22m[2mapexcharts-esm[22m          [2m | [22m[36m507.70 kB[39m[2m | [22m              [36m112.22 kB[39m
[32mchunk-DOK7VWSP.js[39m    [2m | [22m[2mnavigation[22m              [2m | [22m [36m48.76 kB[39m[2m | [22m                [36m8.80 kB[39m
[32mchunk-2GIAKE65.js[39m    [2m | [22m[2m-[22m                       [2m | [22m [36m48.29 kB[39m[2m | [22m                [36m9.76 kB[39m
[32mchunk-3FALKKKS.js[39m    [2m | [22m[2mnetwork-health-component[22m[2m | [22m [36m34.41 kB[39m[2m | [22m                [36m7.82 kB[39m
[32mchunk-CDJDXY6L.js[39m    [2m | [22m[2msignin[22m                  [2m | [22m [36m26.90 kB[39m[2m | [22m                [36m6.52 kB[39m
[32mchunk-CK3GPLTS.js[39m    [2m | [22m[2mwelcome-component[22m       [2m | [22m [36m20.74 kB[39m[2m | [22m                [36m4.69 kB[39m
[32mchunk-SS3U2NMR.js[39m    [2m | [22m[2msignup-component[22m        [2m | [22m [36m20.02 kB[39m[2m | [22m                [36m4.71 kB[39m
[32mchunk-HLGS6W5O.js[39m    [2m | [22m[2mdevices-component[22m       [2m | [22m [36m18.83 kB[39m[2m | [22m                [36m4.62 kB[39m
[32mchunk-A2FMKH7U.js[39m    [2m | [22m[2msessions-component[22m      [2m | [22m [36m15.89 kB[39m[2m | [22m                [36m3.99 kB[39m
[32mchunk-25CJW36H.js[39m    [2m | [22m[2malerts-component[22m        [2m | [22m [36m15.11 kB[39m[2m | [22m                [36m4.06 kB[39m
[32mchunk-GTXT6LM6.js[39m    [2m | [22m[2mqos-events-component[22m    [2m | [22m [36m14.37 kB[39m[2m | [22m                [36m3.86 kB[39m
[32mchunk-TH7MW3IC.js[39m    [2m | [22m[2m-[22m                       [2m | [22m [36m12.16 kB[39m[2m | [22m                [36m3.54 kB[39m
[32mchunk-4SQCMP6I.js[39m    [2m | [22m[2mcloud-health-component[22m  [2m | [22m [36m11.91 kB[39m[2m | [22m                [36m3.04 kB[39m
[32mchunk-FANRCTO5.js[39m    [2m | [22m[2mhome[22m                    [2m | [22m  [36m9.24 kB[39m[2m | [22m                [36m2.59 kB[39m
[32mchunk-A6YDVR24.js[39m    [2m | [22m[2muser-create-component[22m   [2m | [22m  [36m7.22 kB[39m[2m | [22m                [36m2.05 kB[39m
[2m...and 7 more lazy chunks files. Use "--verbose" to show all the files.[22m

Application bundle generation complete. [19.483 seconds] - 2026-03-04T21:55:58.210Z

Output location: E:\Ulster Year 3\COM668 (78887) - Computing Project\Main Project\NetGuardV2\frontend\dist\npm-dashboard

