[33m❯[39m Building...
[32m✔[39m Building...
[1mInitial chunk files[22m                        [2m | [22m[1mNames[22m                                   [2m | [22m [1mRaw size[22m
[32mchunk-HOAOY3LY.js[39m                          [2m | [22m[2m-[22m                                       [2m | [22m  [36m1.33 MB[39m[2m | [22m
[32mchunk-77RCXCHA.js[39m                          [2m | [22m[2m-[22m                                       [2m | [22m  [36m1.15 MB[39m[2m | [22m
[32mpolyfills.js[39m                               [2m | [22m[2mpolyfills[22m                               [2m | [22m  [36m1.04 MB[39m[2m | [22m
[32mstyles.css[39m                                 [2m | [22m[2mstyles[22m                                  [2m | [22m[36m318.11 kB[39m[2m | [22m
[32mchunk-ZKGGBPZC.js[39m                          [2m | [22m[2m-[22m                                       [2m | [22m[36m242.87 kB[39m[2m | [22m
[32mchunk-CLGTDHMO.js[39m                          [2m | [22m[2m-[22m                                       [2m | [22m[36m232.10 kB[39m[2m | [22m
[32mchunk-JPQVR72J.js[39m                          [2m | [22m[2m-[22m                                       [2m | [22m[36m188.35 kB[39m[2m | [22m
[32mchunk-Z7CANE32.js[39m                          [2m | [22m[2m-[22m                                       [2m | [22m [36m96.31 kB[39m[2m | [22m
[32mjasmine-cleanup-1.js[39m                       [2m | [22m[2mjasmine-cleanup-1[22m                       [2m | [22m [36m67.20 kB[39m[2m | [22m
[32mspec-network-health.component.spec.js[39m      [2m | [22m[2mspec-network-health.component.spec[22m      [2m | [22m [36m48.32 kB[39m[2m | [22m
[32mchunk-7I2J35Q2.js[39m                          [2m | [22m[2m-[22m                                       [2m | [22m [36m43.44 kB[39m[2m | [22m
[32mspec-sessions.component.spec.js[39m            [2m | [22m[2mspec-sessions.component.spec[22m            [2m | [22m [36m25.54 kB[39m[2m | [22m
[32mspec-signup.component.spec.js[39m              [2m | [22m[2mspec-signup.component.spec[22m              [2m | [22m [36m25.42 kB[39m[2m | [22m
[32mspec-devices.component.spec.js[39m             [2m | [22m[2mspec-devices.component.spec[22m             [2m | [22m [36m25.31 kB[39m[2m | [22m
[32mspec-qos-events.component.spec.js[39m          [2m | [22m[2mspec-qos-events.component.spec[22m          [2m | [22m [36m24.03 kB[39m[2m | [22m
[32mchunk-F5AWZEII.js[39m                          [2m | [22m[2m-[22m                                       [2m | [22m [36m23.85 kB[39m[2m | [22m
[32mchunk-JIIGBJOI.js[39m                          [2m | [22m[2m-[22m                                       [2m | [22m [36m23.05 kB[39m[2m | [22m
[32mchunk-R4V7FRLR.js[39m                          [2m | [22m[2m-[22m                                       [2m | [22m [36m22.17 kB[39m[2m | [22m
[32mchunk-PO2USULS.js[39m                          [2m | [22m[2m-[22m                                       [2m | [22m [36m20.46 kB[39m[2m | [22m
[32mspec-alerts.component.spec.js[39m              [2m | [22m[2mspec-alerts.component.spec[22m              [2m | [22m [36m19.07 kB[39m[2m | [22m
[32mspec-welcome.component.spec.js[39m             [2m | [22m[2mspec-welcome.component.spec[22m             [2m | [22m [36m17.55 kB[39m[2m | [22m
[32mspec-signin.spec.js[39m                        [2m | [22m[2mspec-signin.spec[22m                        [2m | [22m [36m15.95 kB[39m[2m | [22m
[32mspec-dashboard.component.spec.js[39m           [2m | [22m[2mspec-dashboard.component.spec[22m           [2m | [22m [36m15.61 kB[39m[2m | [22m
[32mspec-user-list.component.spec.js[39m           [2m | [22m[2mspec-user-list.component.spec[22m           [2m | [22m [36m14.22 kB[39m[2m | [22m
[32mchunk-SEEQPHF4.js[39m                          [2m | [22m[2m-[22m                                       [2m | [22m [36m13.41 kB[39m[2m | [22m
[32mspec-user-create.component.spec.js[39m         [2m | [22m[2mspec-user-create.component.spec[22m         [2m | [22m [36m13.36 kB[39m[2m | [22m
[32mspec-home.spec.js[39m                          [2m | [22m[2mspec-home.spec[22m                          [2m | [22m [36m13.13 kB[39m[2m | [22m
[32mchunk-7ERZ2KE6.js[39m                          [2m | [22m[2m-[22m                                       [2m | [22m [36m12.25 kB[39m[2m | [22m
[32mchunk-DIMUVHDV.js[39m                          [2m | [22m[2m-[22m                                       [2m | [22m [36m12.24 kB[39m[2m | [22m
[32mspec-user-edit.component.spec.js[39m           [2m | [22m[2mspec-user-edit.component.spec[22m           [2m | [22m [36m11.39 kB[39m[2m | [22m
[32mchunk-XXGNFW67.js[39m                          [2m | [22m[2m-[22m                                       [2m | [22m [36m10.96 kB[39m[2m | [22m
[32mchunk-A2J54IYJ.js[39m                          [2m | [22m[2m-[22m                                       [2m | [22m [36m10.50 kB[39m[2m | [22m
[32mspec-main-layout.component.spec.js[39m         [2m | [22m[2mspec-main-layout.component.spec[22m         [2m | [22m [36m10.10 kB[39m[2m | [22m
[32mspec-backend-status.component.spec.js[39m      [2m | [22m[2mspec-backend-status.component.spec[22m      [2m | [22m  [36m9.14 kB[39m[2m | [22m
[32mspec-app-header.component.spec.js[39m          [2m | [22m[2mspec-app-header.component.spec[22m          [2m | [22m  [36m8.99 kB[39m[2m | [22m
[32mchunk-MOAYGTQG.js[39m                          [2m | [22m[2m-[22m                                       [2m | [22m  [36m8.57 kB[39m[2m | [22m
[32mspec-app-footer.component.spec.js[39m          [2m | [22m[2mspec-app-footer.component.spec[22m          [2m | [22m  [36m7.98 kB[39m[2m | [22m
[32mchunk-HSS5J3EX.js[39m                          [2m | [22m[2m-[22m                                       [2m | [22m  [36m7.46 kB[39m[2m | [22m
[32mspec-confirm-dialog.component.spec.js[39m      [2m | [22m[2mspec-confirm-dialog.component.spec[22m      [2m | [22m  [36m6.92 kB[39m[2m | [22m
[32mspec-theme-toggle.component.spec.js[39m        [2m | [22m[2mspec-theme-toggle.component.spec[22m        [2m | [22m  [36m6.49 kB[39m[2m | [22m
[32mchunk-LR4NDXNR.js[39m                          [2m | [22m[2m-[22m                                       [2m | [22m  [36m6.43 kB[39m[2m | [22m
[32mchunk-4MEXGNCT.js[39m                          [2m | [22m[2m-[22m                                       [2m | [22m  [36m6.26 kB[39m[2m | [22m
[32mspec-navigation.spec.js[39m                    [2m | [22m[2mspec-navigation.spec[22m                    [2m | [22m  [36m5.98 kB[39m[2m | [22m
[32mchunk-Z2XXM5K7.js[39m                          [2m | [22m[2m-[22m                                       [2m | [22m  [36m5.27 kB[39m[2m | [22m
[32mchunk-WHVT4PMS.js[39m                          [2m | [22m[2m-[22m                                       [2m | [22m  [36m4.83 kB[39m[2m | [22m
[32mchunk-ID2AQ2LU.js[39m                          [2m | [22m[2m-[22m                                       [2m | [22m  [36m4.46 kB[39m[2m | [22m
[32mtest_main.js[39m                               [2m | [22m[2mtest_main[22m                               [2m | [22m  [36m4.39 kB[39m[2m | [22m
[32mchunk-A64SVNAA.js[39m                          [2m | [22m[2m-[22m                                       [2m | [22m  [36m4.20 kB[39m[2m | [22m
[32mspec-status-badge.component.spec.js[39m        [2m | [22m[2mspec-status-badge.component.spec[22m        [2m | [22m  [36m3.60 kB[39m[2m | [22m
[32mchunk-UTXT2XCS.js[39m                          [2m | [22m[2m-[22m                                       [2m | [22m  [36m3.47 kB[39m[2m | [22m
[32mspec-network-health-graph.component.spec.js[39m[2m | [22m[2mspec-network-health-graph.component.spec[22m[2m | [22m  [36m3.34 kB[39m[2m | [22m
[32mspec-collapsible-sidebar.component.spec.js[39m [2m | [22m[2mspec-collapsible-sidebar.component.spec[22m [2m | [22m  [36m3.22 kB[39m[2m | [22m
[32mspec-app.component.spec.js[39m                 [2m | [22m[2mspec-app.component.spec[22m                 [2m | [22m  [36m2.95 kB[39m[2m | [22m
[32mspec-background-beams.component.spec.js[39m    [2m | [22m[2mspec-background-beams.component.spec[22m    [2m | [22m  [36m2.59 kB[39m[2m | [22m
[32mchunk-V6FC2DIM.js[39m                          [2m | [22m[2m-[22m                                       [2m | [22m  [36m2.42 kB[39m[2m | [22m
[32mspec-time-ago.pipe.spec.js[39m                 [2m | [22m[2mspec-time-ago.pipe.spec[22m                 [2m | [22m  [36m2.15 kB[39m[2m | [22m
[32mspec-moving-border.directive.spec.js[39m       [2m | [22m[2mspec-moving-border.directive.spec[22m       [2m | [22m  [36m2.15 kB[39m[2m | [22m
[32mchunk-EBU42SVT.js[39m                          [2m | [22m[2m-[22m                                       [2m | [22m  [36m1.83 kB[39m[2m | [22m
[32mchunk-TQGV6ZNJ.js[39m                          [2m | [22m[2m-[22m                                       [2m | [22m  [36m1.75 kB[39m[2m | [22m
[32mspec-toast.component.spec.js[39m               [2m | [22m[2mspec-toast.component.spec[22m               [2m | [22m  [36m1.72 kB[39m[2m | [22m
[32mspec-stateful-button.component.spec.js[39m     [2m | [22m[2mspec-stateful-button.component.spec[22m     [2m | [22m  [36m1.63 kB[39m[2m | [22m
[32mspec-text-flip.component.spec.js[39m           [2m | [22m[2mspec-text-flip.component.spec[22m           [2m | [22m  [36m1.45 kB[39m[2m | [22m
[32mchunk-UBOO4DGA.js[39m                          [2m | [22m[2m-[22m                                       [2m | [22m  [36m1.38 kB[39m[2m | [22m
[32mjasmine-cleanup-0.js[39m                       [2m | [22m[2mjasmine-cleanup-0[22m                       [2m | [22m[36m519 bytes[39m[2m | [22m
[32mchunk-C7UYDL46.js[39m                          [2m | [22m[2m-[22m                                       [2m | [22m[36m414 bytes[39m[2m | [22m

[1m [22m                                          [2m | [22m[1mInitial total[22m                           [2m | [22m  [1m5.26 MB[22m

Application bundle generation complete. [3.770 seconds] - 2026-03-03T12:20:39.780Z

[32m03 03 2026 12:20:40.117:INFO [karma-server]: [39mKarma v6.4.4 server started at http://localhost:9876/
[32m03 03 2026 12:20:40.119:INFO [launcher]: [39mLaunching browsers Chrome with concurrency unlimited
[32m03 03 2026 12:20:40.137:INFO [launcher]: [39mStarting browser Chrome
[32m03 03 2026 12:20:41.875:INFO [Chrome 145.0.0.0 (Windows 10)]: [39mConnected on socket OtmCxMFwbRoS9nNqAAAB with id 9595471
Chrome 145.0.0.0 (Windows 10): Executed 0 of 248[32m SUCCESS[39m (0 secs / 0 secs)
[1A[2KChrome 145.0.0.0 (Windows 10): Executed 1 of 248[32m SUCCESS[39m (0 secs / 0.09 secs)
[1A[2KChrome 145.0.0.0 (Windows 10): Executed 2 of 248[32m SUCCESS[39m (0 secs / 0.099 secs)
[1A[2KChrome 145.0.0.0 (Windows 10): Executed 3 of 248[32m SUCCESS[39m (0 secs / 0.106 secs)
[1A[2KChrome 145.0.0.0 (Windows 10): Executed 4 of 248[32m SUCCESS[39m (0 secs / 0.112 secs)
[1A[2KChrome 145.0.0.0 (Windows 10): Executed 5 of 248[32m SUCCESS[39m (0 secs / 0.117 secs)
[1A[2KChrome 145.0.0.0 (Windows 10): Executed 6 of 248[32m SUCCESS[39m (0 secs / 0.123 secs)
[1A[2KChrome 145.0.0.0 (Windows 10): Executed 7 of 248[32m SUCCESS[39m (0 secs / 0.128 secs)
[1A[2KChrome 145.0.0.0 (Windows 10): Executed 8 of 248[32m SUCCESS[39m (0 secs / 0.133 secs)
[1A[2KChrome 145.0.0.0 (Windows 10): Executed 9 of 248[32m SUCCESS[39m (0 secs / 0.139 secs)
[1A[2KChrome 145.0.0.0 (Windows 10): Executed 10 of 248[32m SUCCESS[39m (0 secs / 0.145 secs)
[1A[2KChrome 145.0.0.0 (Windows 10): Executed 11 of 248[32m SUCCESS[39m (0 secs / 0.197 secs)
[1A[2KChrome 145.0.0.0 (Windows 10): Executed 12 of 248[32m SUCCESS[39m (0 secs / 0.209 secs)
[1A[2KChrome 145.0.0.0 (Windows 10): Executed 13 of 248[32m SUCCESS[39m (0 secs / 0.218 secs)
[1A[2KChrome 145.0.0.0 (Windows 10): Executed 14 of 248[32m SUCCESS[39m (0 secs / 0.227 secs)
[1A[2KChrome 145.0.0.0 (Windows 10): Executed 15 of 248[32m SUCCESS[39m (0 secs / 0.261 secs)
[1A[2KChrome 145.0.0.0 (Windows 10): Executed 16 of 248[32m SUCCESS[39m (0 secs / 0.265 secs)
[1A[2KChrome 145.0.0.0 (Windows 10): Executed 17 of 248[32m SUCCESS[39m (0 secs / 0.271 secs)
[1A[2KChrome 145.0.0.0 (Windows 10): Executed 18 of 248[32m SUCCESS[39m (0 secs / 0.306 secs)
[1A[2KChrome 145.0.0.0 (Windows 10): Executed 19 of 248[32m SUCCESS[39m (0 secs / 0.314 secs)
[1A[2KChrome 145.0.0.0 (Windows 10): Executed 20 of 248[32m SUCCESS[39m (0 secs / 0.324 secs)
[1A[2KChrome 145.0.0.0 (Windows 10): Executed 21 of 248[32m SUCCESS[39m (0 secs / 0.333 secs)
[1A[2KERROR: [36m'Error creating user:', Object{error: Object{error: 'Username already exists'}}[39m
Chrome 145.0.0.0 (Windows 10): Executed 21 of 248[32m SUCCESS[39m (0 secs / 0.333 secs)
ERROR: 'Error creating user:', Object{error: Object{error: 'Username already exists'}}
[1A[2KChrome 145.0.0.0 (Windows 10): Executed 22 of 248[32m SUCCESS[39m (0 secs / 0.341 secs)
[1A[2KChrome 145.0.0.0 (Windows 10): Executed 23 of 248[32m SUCCESS[39m (0 secs / 0.348 secs)
[1A[2KChrome 145.0.0.0 (Windows 10): Executed 24 of 248[32m SUCCESS[39m (0 secs / 0.354 secs)
[1A[2KChrome 145.0.0.0 (Windows 10): Executed 25 of 248[32m SUCCESS[39m (0 secs / 0.487 secs)
[1A[2KChrome 145.0.0.0 (Windows 10): Executed 26 of 248[32m SUCCESS[39m (0 secs / 0.501 secs)
[1A[2KChrome 145.0.0.0 (Windows 10): Executed 27 of 248[32m SUCCESS[39m (0 secs / 0.515 secs)
[1A[2KChrome 145.0.0.0 (Windows 10): Executed 28 of 248[32m SUCCESS[39m (0 secs / 0.529 secs)
[1A[2KChrome 145.0.0.0 (Windows 10): Executed 29 of 248[32m SUCCESS[39m (0 secs / 0.54 secs)
[1A[2KChrome 145.0.0.0 (Windows 10): Executed 30 of 248[32m SUCCESS[39m (0 secs / 0.551 secs)
[1A[2KChrome 145.0.0.0 (Windows 10): Executed 31 of 248[32m SUCCESS[39m (0 secs / 0.562 secs)
[1A[2KChrome 145.0.0.0 (Windows 10): Executed 32 of 248[32m SUCCESS[39m (0 secs / 0.574 secs)
[1A[2KChrome 145.0.0.0 (Windows 10): Executed 33 of 248[32m SUCCESS[39m (0 secs / 0.585 secs)
[1A[2KChrome 145.0.0.0 (Windows 10): Executed 34 of 248[32m SUCCESS[39m (0 secs / 0.595 secs)
[1A[2KChrome 145.0.0.0 (Windows 10): Executed 35 of 248[32m SUCCESS[39m (0 secs / 0.603 secs)
[1A[2KChrome 145.0.0.0 (Windows 10): Executed 36 of 248[32m SUCCESS[39m (0 secs / 0.653 secs)
[1A[2KChrome 145.0.0.0 (Windows 10): Executed 37 of 248[32m SUCCESS[39m (0 secs / 0.658 secs)
[1A[2KChrome 145.0.0.0 (Windows 10): Executed 38 of 248[32m SUCCESS[39m (0 secs / 0.665 secs)
[1A[2KChrome 145.0.0.0 (Windows 10): Executed 39 of 248[32m SUCCESS[39m (0 secs / 0.669 secs)
[1A[2KChrome 145.0.0.0 (Windows 10): Executed 40 of 248[32m SUCCESS[39m (0 secs / 0.69 secs)
[1A[2KChrome 145.0.0.0 (Windows 10): Executed 41 of 248[32m SUCCESS[39m (0 secs / 0.694 secs)
[1A[2KChrome 145.0.0.0 (Windows 10): Executed 42 of 248[32m SUCCESS[39m (0 secs / 0.698 secs)
[1A[2KChrome 145.0.0.0 (Windows 10): Executed 43 of 248[32m SUCCESS[39m (0 secs / 0.704 secs)
[1A[2KChrome 145.0.0.0 (Windows 10): Executed 44 of 248[32m SUCCESS[39m (0 secs / 0.709 secs)
[1A[2KChrome 145.0.0.0 (Windows 10): Executed 45 of 248[32m SUCCESS[39m (0 secs / 0.714 secs)
[1A[2KChrome 145.0.0.0 (Windows 10): Executed 46 of 248[32m SUCCESS[39m (0 secs / 0.718 secs)
[1A[2KChrome 145.0.0.0 (Windows 10): Executed 47 of 248[32m SUCCESS[39m (0 secs / 0.722 secs)
[1A[2KChrome 145.0.0.0 (Windows 10): Executed 48 of 248[32m SUCCESS[39m (0 secs / 0.726 secs)
[1A[2KChrome 145.0.0.0 (Windows 10): Executed 49 of 248[32m SUCCESS[39m (0 secs / 0.731 secs)
[1A[2KChrome 145.0.0.0 (Windows 10): Executed 50 of 248[32m SUCCESS[39m (0 secs / 0.737 secs)
[1A[2K[31mChrome 145.0.0.0 (Windows 10) AppFooterComponent should render resources section FAILED[39m
	Expected 3 to be 5.
	    at <Jasmine>
	    at UserContext.<anonymous> (src/app/components/app-footer/app-footer.component.spec.ts:80:33)
	    at _ZoneDelegate.invoke (node_modules/zone.js/fesm2015/zone.js:398:28)
	    at _ProxyZoneSpec.onInvoke (node_modules/zone.js/fesm2015/zone-testing.js:2132:39)
	    at _ZoneDelegate.invoke (node_modules/zone.js/fesm2015/zone.js:397:34)
Chrome 145.0.0.0 (Windows 10): Executed 51 of 248[31m (1 FAILED)[39m (0 secs / 0.743 secs)
[1A[2K[31mChrome 145.0.0.0 (Windows 10) AppFooterComponent should render social links FAILED[39m
	Expected 2 to be 4.
	    at <Jasmine>
	    at UserContext.<anonymous> (src/app/components/app-footer/app-footer.component.spec.ts:54:32)
	    at _ZoneDelegate.invoke (node_modules/zone.js/fesm2015/zone.js:398:28)
	    at _ProxyZoneSpec.onInvoke (node_modules/zone.js/fesm2015/zone-testing.js:2132:39)
	    at _ZoneDelegate.invoke (node_modules/zone.js/fesm2015/zone.js:397:34)
	Expected false to be true.
	    at <Jasmine>
	    at src/app/components/app-footer/app-footer.component.spec.ts:59:62
	    at <Jasmine>
	    at UserContext.<anonymous> (src/app/components/app-footer/app-footer.component.spec.ts:57:17)
	    at _ZoneDelegate.invoke (node_modules/zone.js/fesm2015/zone.js:398:28)
Chrome 145.0.0.0 (Windows 10): Executed 52 of 248[31m (2 FAILED)[39m (0 secs / 0.75 secs)
[1A[2KChrome 145.0.0.0 (Windows 10): Executed 53 of 248[31m (2 FAILED)[39m (0 secs / 0.754 secs)
[1A[2K[31mChrome 145.0.0.0 (Windows 10) AppFooterComponent should render contact section FAILED[39m
	Expected 'About' to be 'Contact'.
	    at <Jasmine>
	    at UserContext.<anonymous> (src/app/components/app-footer/app-footer.component.spec.ts:89:47)
	    at _ZoneDelegate.invoke (node_modules/zone.js/fesm2015/zone.js:398:28)
	    at _ProxyZoneSpec.onInvoke (node_modules/zone.js/fesm2015/zone-testing.js:2132:39)
	    at _ZoneDelegate.invoke (node_modules/zone.js/fesm2015/zone.js:397:34)
Chrome 145.0.0.0 (Windows 10): Executed 54 of 248[31m (3 FAILED)[39m (0 secs / 0.76 secs)
[1A[2K[31mChrome 145.0.0.0 (Windows 10) AppFooterComponent should render contact information with correct icons FAILED[39m
	Expected false to be true.
	    at <Jasmine>
	    at src/app/components/app-footer/app-footer.component.spec.ts:100:62
	    at <Jasmine>
	    at UserContext.<anonymous> (src/app/components/app-footer/app-footer.component.spec.ts:98:18)
	    at _ZoneDelegate.invoke (node_modules/zone.js/fesm2015/zone.js:398:28)
	Expected false to be true.
	    at <Jasmine>
	    at src/app/components/app-footer/app-footer.component.spec.ts:100:62
	    at <Jasmine>
	    at UserContext.<anonymous> (src/app/components/app-footer/app-footer.component.spec.ts:98:18)
	    at _ZoneDelegate.invoke (node_modules/zone.js/fesm2015/zone.js:398:28)
	Expected false to be true.
	    at <Jasmine>
	    at src/app/components/app-footer/app-footer.component.spec.ts:100:62
	    at <Jasmine>
	    at UserContext.<anonymous> (src/app/components/app-footer/app-footer.component.spec.ts:98:18)
	    at _ZoneDelegate.invoke (node_modules/zone.js/fesm2015/zone.js:398:28)
Chrome 145.0.0.0 (Windows 10): Executed 55 of 248[31m (4 FAILED)[39m (0 secs / 0.768 secs)
[1A[2KChrome 145.0.0.0 (Windows 10): Executed 56 of 248[31m (4 FAILED)[39m (0 secs / 0.781 secs)
[1A[2KChrome 145.0.0.0 (Windows 10): Executed 57 of 248[31m (4 FAILED)[39m (0 secs / 0.796 secs)
[1A[2KChrome 145.0.0.0 (Windows 10): Executed 58 of 248[31m (4 FAILED)[39m (0 secs / 0.798 secs)
[1A[2KChrome 145.0.0.0 (Windows 10): Executed 59 of 248[31m (4 FAILED)[39m (0 secs / 0.801 secs)
[1A[2KChrome 145.0.0.0 (Windows 10): Executed 60 of 248[31m (4 FAILED)[39m (0 secs / 0.867 secs)
[1A[2KChrome 145.0.0.0 (Windows 10): Executed 61 of 248[31m (4 FAILED)[39m (0 secs / 0.874 secs)
[1A[2KChrome 145.0.0.0 (Windows 10): Executed 62 of 248[31m (4 FAILED)[39m (0 secs / 0.882 secs)
[1A[2KChrome 145.0.0.0 (Windows 10): Executed 63 of 248[31m (4 FAILED)[39m (0 secs / 0.889 secs)
[1A[2KChrome 145.0.0.0 (Windows 10): Executed 64 of 248[31m (4 FAILED)[39m (0 secs / 0.896 secs)
[1A[2KChrome 145.0.0.0 (Windows 10): Executed 65 of 248[31m (4 FAILED)[39m (0 secs / 0.902 secs)
[1A[2KChrome 145.0.0.0 (Windows 10): Executed 66 of 248[31m (4 FAILED)[39m (0 secs / 0.914 secs)
[1A[2KChrome 145.0.0.0 (Windows 10): Executed 67 of 248[31m (4 FAILED)[39m (0 secs / 0.917 secs)
[1A[2KChrome 145.0.0.0 (Windows 10): Executed 68 of 248[31m (4 FAILED)[39m (0 secs / 0.92 secs)
[1A[2KChrome 145.0.0.0 (Windows 10): Executed 69 of 248[31m (4 FAILED)[39m (0 secs / 0.923 secs)
[1A[2KChrome 145.0.0.0 (Windows 10): Executed 70 of 248[31m (4 FAILED)[39m (0 secs / 0.926 secs)
[1A[2KChrome 145.0.0.0 (Windows 10): Executed 71 of 248[31m (4 FAILED)[39m (0 secs / 0.928 secs)
[1A[2KChrome 145.0.0.0 (Windows 10): Executed 72 of 248[31m (4 FAILED)[39m (0 secs / 0.929 secs)
[1A[2KChrome 145.0.0.0 (Windows 10): Executed 73 of 248[31m (4 FAILED)[39m (0 secs / 0.929 secs)
[1A[2KChrome 145.0.0.0 (Windows 10): Executed 74 of 248[31m (4 FAILED)[39m (0 secs / 0.929 secs)
[1A[2KChrome 145.0.0.0 (Windows 10): Executed 75 of 248[31m (4 FAILED)[39m (0 secs / 0.929 secs)
[1A[2KChrome 145.0.0.0 (Windows 10): Executed 76 of 248[31m (4 FAILED)[39m (0 secs / 0.93 secs)
[1A[2KChrome 145.0.0.0 (Windows 10): Executed 77 of 248[31m (4 FAILED)[39m (0 secs / 0.93 secs)
[1A[2KChrome 145.0.0.0 (Windows 10): Executed 78 of 248[31m (4 FAILED)[39m (0 secs / 0.93 secs)
[1A[2KChrome 145.0.0.0 (Windows 10): Executed 79 of 248[31m (4 FAILED)[39m (0 secs / 0.94 secs)
[1A[2KWARN: [36m'Backend health check failed:', 'NG0205: Injector has already been destroyed.'[39m
Chrome 145.0.0.0 (Windows 10): Executed 79 of 248[31m (4 FAILED)[39m (0 secs / 0.94 secs)
WARN: 'Backend health check failed:', 'NG0205: Injector has already been destroyed.'
[1A[2KChrome 145.0.0.0 (Windows 10): Executed 80 of 248[31m (4 FAILED)[39m (0 secs / 0.945 secs)
[1A[2KChrome 145.0.0.0 (Windows 10): Executed 81 of 248[31m (4 FAILED)[39m (0 secs / 0.949 secs)
[1A[2KChrome 145.0.0.0 (Windows 10): Executed 82 of 248[31m (4 FAILED)[39m (0 secs / 0.975 secs)
[1A[2KChrome 145.0.0.0 (Windows 10): Executed 83 of 248[31m (4 FAILED)[39m (0 secs / 0.983 secs)
[1A[2KChrome 145.0.0.0 (Windows 10): Executed 84 of 248[31m (4 FAILED)[39m (0 secs / 0.989 secs)
[1A[2KChrome 145.0.0.0 (Windows 10): Executed 85 of 248[31m (4 FAILED)[39m (0 secs / 0.994 secs)
[1A[2KChrome 145.0.0.0 (Windows 10): Executed 86 of 248[31m (4 FAILED)[39m (0 secs / 0.999 secs)
[1A[2KChrome 145.0.0.0 (Windows 10): Executed 87 of 248[31m (4 FAILED)[39m (0 secs / 1.004 secs)
[1A[2KChrome 145.0.0.0 (Windows 10): Executed 88 of 248[31m (4 FAILED)[39m (0 secs / 1.016 secs)
[1A[2KChrome 145.0.0.0 (Windows 10): Executed 89 of 248[31m (4 FAILED)[39m (0 secs / 1.022 secs)
[1A[2KChrome 145.0.0.0 (Windows 10): Executed 90 of 248[31m (4 FAILED)[39m (0 secs / 1.028 secs)
[1A[2KChrome 145.0.0.0 (Windows 10): Executed 91 of 248[31m (4 FAILED)[39m (0 secs / 1.034 secs)
[1A[2KChrome 145.0.0.0 (Windows 10): Executed 92 of 248[31m (4 FAILED)[39m (0 secs / 1.04 secs)
[1A[2KChrome 145.0.0.0 (Windows 10): Executed 93 of 248[31m (4 FAILED)[39m (0 secs / 1.045 secs)
[1A[2KChrome 145.0.0.0 (Windows 10): Executed 94 of 248[31m (4 FAILED)[39m (0 secs / 1.05 secs)
[1A[2KChrome 145.0.0.0 (Windows 10): Executed 95 of 248[31m (4 FAILED)[39m (0 secs / 1.056 secs)
[1A[2KChrome 145.0.0.0 (Windows 10): Executed 96 of 248[31m (4 FAILED)[39m (0 secs / 1.061 secs)
[1A[2KChrome 145.0.0.0 (Windows 10): Executed 97 of 248[31m (4 FAILED)[39m (0 secs / 1.066 secs)
[1A[2KChrome 145.0.0.0 (Windows 10): Executed 98 of 248[31m (4 FAILED)[39m (0 secs / 1.071 secs)
[1A[2KChrome 145.0.0.0 (Windows 10): Executed 99 of 248[31m (4 FAILED)[39m (0 secs / 1.099 secs)
[1A[2KChrome 145.0.0.0 (Windows 10): Executed 100 of 248[31m (4 FAILED)[39m (0 secs / 1.106 secs)
[1A[2KChrome 145.0.0.0 (Windows 10): Executed 101 of 248[31m (4 FAILED)[39m (0 secs / 1.212 secs)
[1A[2KLOG: [36m'✅ Backend is now available'[39m
Chrome 145.0.0.0 (Windows 10): Executed 101 of 248[31m (4 FAILED)[39m (0 secs / 1.212 secs)
LOG: '✅ Backend is now available'
[1A[2KChrome 145.0.0.0 (Windows 10): Executed 102 of 248[31m (4 FAILED)[39m (0 secs / 1.224 secs)
[1A[2KChrome 145.0.0.0 (Windows 10): Executed 103 of 248[31m (4 FAILED)[39m (0 secs / 1.235 secs)
[1A[2KChrome 145.0.0.0 (Windows 10): Executed 104 of 248[31m (4 FAILED)[39m (0 secs / 1.238 secs)
[1A[2KChrome 145.0.0.0 (Windows 10): Executed 105 of 248[31m (4 FAILED)[39m (0 secs / 1.24 secs)
[1A[2KChrome 145.0.0.0 (Windows 10): Executed 106 of 248[31m (4 FAILED)[39m (0 secs / 1.243 secs)
[1A[2KChrome 145.0.0.0 (Windows 10): Executed 107 of 248[31m (4 FAILED)[39m (0 secs / 1.246 secs)
[1A[2KChrome 145.0.0.0 (Windows 10): Executed 108 of 248[31m (4 FAILED)[39m (0 secs / 1.249 secs)
[1A[2KChrome 145.0.0.0 (Windows 10): Executed 109 of 248[31m (4 FAILED)[39m (0 secs / 1.252 secs)
[1A[2KChrome 145.0.0.0 (Windows 10): Executed 110 of 248[31m (4 FAILED)[39m (0 secs / 1.254 secs)
[1A[2KChrome 145.0.0.0 (Windows 10): Executed 111 of 248[31m (4 FAILED)[39m (0 secs / 1.256 secs)
[1A[2KChrome 145.0.0.0 (Windows 10): Executed 112 of 248[31m (4 FAILED)[39m (0 secs / 1.259 secs)
[1A[2KChrome 145.0.0.0 (Windows 10): Executed 113 of 248[31m (4 FAILED)[39m (0 secs / 1.261 secs)
[1A[2KChrome 145.0.0.0 (Windows 10): Executed 114 of 248[31m (4 FAILED)[39m (0 secs / 1.264 secs)
[1A[2KChrome 145.0.0.0 (Windows 10): Executed 115 of 248[31m (4 FAILED)[39m (0 secs / 1.267 secs)
[1A[2KChrome 145.0.0.0 (Windows 10): Executed 116 of 248[31m (4 FAILED)[39m (0 secs / 1.269 secs)
[1A[2KChrome 145.0.0.0 (Windows 10): Executed 117 of 248[31m (4 FAILED)[39m (0 secs / 1.271 secs)
[1A[2KChrome 145.0.0.0 (Windows 10): Executed 118 of 248[31m (4 FAILED)[39m (0 secs / 1.273 secs)
[1A[2KChrome 145.0.0.0 (Windows 10): Executed 119 of 248[31m (4 FAILED)[39m (0 secs / 1.275 secs)
[1A[2KChrome 145.0.0.0 (Windows 10): Executed 120 of 248[31m (4 FAILED)[39m (0 secs / 1.277 secs)
[1A[2KChrome 145.0.0.0 (Windows 10): Executed 121 of 248[31m (4 FAILED)[39m (0 secs / 1.282 secs)
[1A[2KChrome 145.0.0.0 (Windows 10): Executed 122 of 248[31m (4 FAILED)[39m (0 secs / 1.285 secs)
[1A[2KChrome 145.0.0.0 (Windows 10): Executed 123 of 248[31m (4 FAILED)[39m (0 secs / 1.288 secs)
[1A[2KChrome 145.0.0.0 (Windows 10): Executed 124 of 248[31m (4 FAILED)[39m (0 secs / 1.291 secs)
[1A[2KChrome 145.0.0.0 (Windows 10): Executed 125 of 248[31m (4 FAILED)[39m (0 secs / 1.295 secs)
[1A[2KChrome 145.0.0.0 (Windows 10): Executed 126 of 248[31m (4 FAILED)[39m (0 secs / 1.298 secs)
[1A[2KChrome 145.0.0.0 (Windows 10): Executed 127 of 248[31m (4 FAILED)[39m (0 secs / 1.402 secs)
[1A[2KChrome 145.0.0.0 (Windows 10): Executed 128 of 248[31m (4 FAILED)[39m (0 secs / 1.405 secs)
[1A[2KChrome 145.0.0.0 (Windows 10): Executed 129 of 248[31m (4 FAILED)[39m (0 secs / 1.408 secs)
[1A[2KChrome 145.0.0.0 (Windows 10): Executed 130 of 248[31m (4 FAILED)[39m (0 secs / 1.41 secs)
[1A[2KChrome 145.0.0.0 (Windows 10): Executed 131 of 248[31m (4 FAILED)[39m (0 secs / 1.411 secs)
[1A[2K[31mChrome 145.0.0.0 (Windows 10) BackendStatusComponent should call retry connection on button click FAILED[39m
	TypeError: Cannot read properties of null (reading 'click')
	    at UserContext.<anonymous> (src/app/components/backend-status/backend-status.component.spec.ts:99:17)
	    at _ZoneDelegate.invoke (node_modules/zone.js/fesm2015/zone.js:398:28)
	    at _ProxyZoneSpec.onInvoke (node_modules/zone.js/fesm2015/zone-testing.js:2132:39)
	    at _ZoneDelegate.invoke (node_modules/zone.js/fesm2015/zone.js:397:34)
	    at ZoneImpl.run (node_modules/zone.js/fesm2015/zone.js:113:43)
	    at runInTestZone (node_modules/zone.js/fesm2015/zone-testing.js:216:38)
	    at UserContext.<anonymous> (node_modules/zone.js/fesm2015/zone-testing.js:234:32)
	    at <Jasmine>
Chrome 145.0.0.0 (Windows 10): Executed 132 of 248[31m (5 FAILED)[39m (0 secs / 1.414 secs)
[1A[2K[31mChrome 145.0.0.0 (Windows 10) BackendStatusComponent should toggle instructions visibility FAILED[39m
	TypeError: Cannot read properties of null (reading 'click')
	    at UserContext.<anonymous> (src/app/components/backend-status/backend-status.component.spec.ts:111:24)
	    at _ZoneDelegate.invoke (node_modules/zone.js/fesm2015/zone.js:398:28)
	    at _ProxyZoneSpec.onInvoke (node_modules/zone.js/fesm2015/zone-testing.js:2132:39)
	    at _ZoneDelegate.invoke (node_modules/zone.js/fesm2015/zone.js:397:34)
	    at ZoneImpl.run (node_modules/zone.js/fesm2015/zone.js:113:43)
	    at runInTestZone (node_modules/zone.js/fesm2015/zone-testing.js:216:38)
	    at UserContext.<anonymous> (node_modules/zone.js/fesm2015/zone-testing.js:234:32)
	    at <Jasmine>
Chrome 145.0.0.0 (Windows 10): Executed 133 of 248[31m (6 FAILED)[39m (0 secs / 1.417 secs)
[1A[2K[31mChrome 145.0.0.0 (Windows 10) BackendStatusComponent should display last check time FAILED[39m
	Expected undefined to contain 'Last Check:'.
	    at <Jasmine>
	    at UserContext.<anonymous> (src/app/components/backend-status/backend-status.component.spec.ts:204:38)
	    at _ZoneDelegate.invoke (node_modules/zone.js/fesm2015/zone.js:398:28)
	    at _ProxyZoneSpec.onInvoke (node_modules/zone.js/fesm2015/zone-testing.js:2132:39)
	    at _ZoneDelegate.invoke (node_modules/zone.js/fesm2015/zone.js:397:34)
Chrome 145.0.0.0 (Windows 10): Executed 134 of 248[31m (7 FAILED)[39m (0 secs / 1.419 secs)
[1A[2KChrome 145.0.0.0 (Windows 10): Executed 135 of 248[31m (7 FAILED)[39m (0 secs / 1.421 secs)
[1A[2KChrome 145.0.0.0 (Windows 10): Executed 136 of 248[31m (7 FAILED)[39m (0 secs / 1.423 secs)
[1A[2KChrome 145.0.0.0 (Windows 10): Executed 137 of 248[31m (7 FAILED)[39m (0 secs / 1.425 secs)
[1A[2KChrome 145.0.0.0 (Windows 10): Executed 138 of 248[31m (7 FAILED)[39m (0 secs / 1.427 secs)
[1A[2KChrome 145.0.0.0 (Windows 10): Executed 139 of 248[31m (7 FAILED)[39m (0 secs / 1.43 secs)
[1A[2KChrome 145.0.0.0 (Windows 10): Executed 140 of 248[31m (7 FAILED)[39m (0 secs / 1.433 secs)
[1A[2K[31mChrome 145.0.0.0 (Windows 10) BackendStatusComponent should show overlay when backend is unavailable FAILED[39m
	Expected null to be truthy.
	    at <Jasmine>
	    at UserContext.<anonymous> (src/app/components/backend-status/backend-status.component.spec.ts:61:21)
	    at _ZoneDelegate.invoke (node_modules/zone.js/fesm2015/zone.js:398:28)
	    at _ProxyZoneSpec.onInvoke (node_modules/zone.js/fesm2015/zone-testing.js:2132:39)
	    at _ZoneDelegate.invoke (node_modules/zone.js/fesm2015/zone.js:397:34)
Chrome 145.0.0.0 (Windows 10): Executed 141 of 248[31m (8 FAILED)[39m (0 secs / 1.435 secs)
[1A[2K[31mChrome 145.0.0.0 (Windows 10) BackendStatusComponent should show retry connection text when not retrying FAILED[39m
	Expected undefined to contain 'Retry Connection'.
	    at <Jasmine>
	    at UserContext.<anonymous> (src/app/components/backend-status/backend-status.component.spec.ts:193:46)
	    at _ZoneDelegate.invoke (node_modules/zone.js/fesm2015/zone.js:398:28)
	    at _ProxyZoneSpec.onInvoke (node_modules/zone.js/fesm2015/zone-testing.js:2132:39)
	    at _ZoneDelegate.invoke (node_modules/zone.js/fesm2015/zone.js:397:34)
Chrome 145.0.0.0 (Windows 10): Executed 142 of 248[31m (9 FAILED)[39m (0 secs / 1.438 secs)
[1A[2KChrome 145.0.0.0 (Windows 10): Executed 143 of 248[31m (9 FAILED)[39m (0 secs / 1.441 secs)
[1A[2K[31mChrome 145.0.0.0 (Windows 10) BackendStatusComponent should show spin animation when retrying FAILED[39m
	Expected null to be truthy.
	    at <Jasmine>
	    at UserContext.<anonymous> (src/app/components/backend-status/backend-status.component.spec.ts:214:22)
	    at _ZoneDelegate.invoke (node_modules/zone.js/fesm2015/zone.js:398:28)
	    at _ProxyZoneSpec.onInvoke (node_modules/zone.js/fesm2015/zone-testing.js:2132:39)
	    at _ZoneDelegate.invoke (node_modules/zone.js/fesm2015/zone.js:397:34)
Chrome 145.0.0.0 (Windows 10): Executed 144 of 248[31m (10 FAILED)[39m (0 secs / 1.444 secs)
[1A[2K[31mChrome 145.0.0.0 (Windows 10) BackendStatusComponent should show checking text when retrying FAILED[39m
	Expected undefined to contain 'Checking...'.
	    at <Jasmine>
	    at UserContext.<anonymous> (src/app/components/backend-status/backend-status.component.spec.ts:183:46)
	    at _ZoneDelegate.invoke (node_modules/zone.js/fesm2015/zone.js:398:28)
	    at _ProxyZoneSpec.onInvoke (node_modules/zone.js/fesm2015/zone-testing.js:2132:39)
	    at _ZoneDelegate.invoke (node_modules/zone.js/fesm2015/zone.js:397:34)
Chrome 145.0.0.0 (Windows 10): Executed 145 of 248[31m (11 FAILED)[39m (0 secs / 1.446 secs)
[1A[2KLOG: [36m'✅ Backend is now available'[39m
Chrome 145.0.0.0 (Windows 10): Executed 145 of 248[31m (11 FAILED)[39m (0 secs / 1.446 secs)
LOG: '✅ Backend is now available'
[1A[2K[31mChrome 145.0.0.0 (Windows 10) BackendStatusComponent should disable retry button when retrying FAILED[39m
	TypeError: Cannot read properties of null (reading 'disabled')
	    at UserContext.<anonymous> (src/app/components/backend-status/backend-status.component.spec.ts:173:24)
	    at _ZoneDelegate.invoke (node_modules/zone.js/fesm2015/zone.js:398:28)
	    at _ProxyZoneSpec.onInvoke (node_modules/zone.js/fesm2015/zone-testing.js:2132:39)
	    at _ZoneDelegate.invoke (node_modules/zone.js/fesm2015/zone.js:397:34)
	    at ZoneImpl.run (node_modules/zone.js/fesm2015/zone.js:113:43)
	    at runInTestZone (node_modules/zone.js/fesm2015/zone-testing.js:216:38)
	    at UserContext.<anonymous> (node_modules/zone.js/fesm2015/zone-testing.js:234:32)
	    at <Jasmine>
Chrome 145.0.0.0 (Windows 10): Executed 146 of 248[31m (12 FAILED)[39m (0 secs / 1.448 secs)
[1A[2K[31mChrome 145.0.0.0 (Windows 10) BackendStatusComponent should show instructions when showInstructions is true FAILED[39m
	Expected null to be truthy.
	    at <Jasmine>
	    at UserContext.<anonymous> (src/app/components/backend-status/backend-status.component.spec.ts:126:26)
	    at _ZoneDelegate.invoke (node_modules/zone.js/fesm2015/zone.js:398:28)
	    at _ProxyZoneSpec.onInvoke (node_modules/zone.js/fesm2015/zone-testing.js:2132:39)
	    at _ZoneDelegate.invoke (node_modules/zone.js/fesm2015/zone.js:397:34)
	Expected undefined to be 4.
	    at <Jasmine>
	    at UserContext.<anonymous> (src/app/components/backend-status/backend-status.component.spec.ts:129:47)
	    at _ZoneDelegate.invoke (node_modules/zone.js/fesm2015/zone.js:398:28)
	    at _ProxyZoneSpec.onInvoke (node_modules/zone.js/fesm2015/zone-testing.js:2132:39)
	    at _ZoneDelegate.invoke (node_modules/zone.js/fesm2015/zone.js:397:34)
Chrome 145.0.0.0 (Windows 10): Executed 147 of 248[31m (13 FAILED)[39m (0 secs / 1.45 secs)
[1A[2KChrome 145.0.0.0 (Windows 10): Executed 148 of 248[31m (13 FAILED)[39m (0 secs / 1.452 secs)
[1A[2K[31mChrome 145.0.0.0 (Windows 10) BackendStatusComponent should display server URL in overlay FAILED[39m
	Expected undefined to be 'http://127.0.0.1:5001'.
	    at <Jasmine>
	    at UserContext.<anonymous> (src/app/components/backend-status/backend-status.component.spec.ts:89:51)
	    at _ZoneDelegate.invoke (node_modules/zone.js/fesm2015/zone.js:398:28)
	    at _ProxyZoneSpec.onInvoke (node_modules/zone.js/fesm2015/zone-testing.js:2132:39)
	    at _ZoneDelegate.invoke (node_modules/zone.js/fesm2015/zone.js:397:34)
Chrome 145.0.0.0 (Windows 10): Executed 149 of 248[31m (14 FAILED)[39m (0 secs / 1.454 secs)
[1A[2KChrome 145.0.0.0 (Windows 10): Executed 150 of 248[31m (14 FAILED)[39m (0 secs / 1.456 secs)
[1A[2KChrome 145.0.0.0 (Windows 10): Executed 151 of 248[31m (14 FAILED)[39m (0 secs / 1.458 secs)
[1A[2KChrome 145.0.0.0 (Windows 10): Executed 152 of 248[31m (14 FAILED)[39m (0 secs / 1.461 secs)
[1A[2KChrome 145.0.0.0 (Windows 10): Executed 153 of 248[31m (14 FAILED)[39m (0 secs / 1.463 secs)
[1A[2KChrome 145.0.0.0 (Windows 10): Executed 154 of 248[31m (14 FAILED)[39m (0 secs / 1.465 secs)
[1A[2KChrome 145.0.0.0 (Windows 10): Executed 155 of 248[31m (14 FAILED)[39m (0 secs / 1.467 secs)
[1A[2KChrome 145.0.0.0 (Windows 10): Executed 156 of 248[31m (14 FAILED)[39m (0 secs / 1.469 secs)
[1A[2KChrome 145.0.0.0 (Windows 10): Executed 157 of 248[31m (14 FAILED)[39m (0 secs / 1.471 secs)
[1A[2KChrome 145.0.0.0 (Windows 10): Executed 158 of 248[31m (14 FAILED)[39m (0 secs / 1.473 secs)
[1A[2KChrome 145.0.0.0 (Windows 10): Executed 159 of 248[31m (14 FAILED)[39m (0 secs / 1.475 secs)
[1A[2KChrome 145.0.0.0 (Windows 10): Executed 160 of 248[31m (14 FAILED)[39m (0 secs / 1.477 secs)
[1A[2KChrome 145.0.0.0 (Windows 10): Executed 161 of 248[31m (14 FAILED)[39m (0 secs / 1.479 secs)
[1A[2KChrome 145.0.0.0 (Windows 10): Executed 162 of 248[31m (14 FAILED)[39m (0 secs / 1.508 secs)
[1A[2KChrome 145.0.0.0 (Windows 10): Executed 163 of 248[31m (14 FAILED)[39m (0 secs / 1.513 secs)
[1A[2KChrome 145.0.0.0 (Windows 10): Executed 164 of 248[31m (14 FAILED)[39m (0 secs / 1.517 secs)
[1A[2KChrome 145.0.0.0 (Windows 10): Executed 165 of 248[31m (14 FAILED)[39m (0 secs / 1.521 secs)
[1A[2KChrome 145.0.0.0 (Windows 10): Executed 166 of 248[31m (14 FAILED)[39m (0 secs / 1.525 secs)
[1A[2KChrome 145.0.0.0 (Windows 10): Executed 167 of 248[31m (14 FAILED)[39m (0 secs / 1.53 secs)
[1A[2KChrome 145.0.0.0 (Windows 10): Executed 168 of 248[31m (14 FAILED)[39m (0 secs / 1.535 secs)
[1A[2KChrome 145.0.0.0 (Windows 10): Executed 169 of 248[31m (14 FAILED)[39m (0 secs / 1.54 secs)
[1A[2KChrome 145.0.0.0 (Windows 10): Executed 170 of 248[31m (14 FAILED)[39m (0 secs / 1.545 secs)
[1A[2KChrome 145.0.0.0 (Windows 10): Executed 171 of 248[31m (14 FAILED)[39m (0 secs / 1.549 secs)
[1A[2KChrome 145.0.0.0 (Windows 10): Executed 172 of 248[31m (14 FAILED)[39m (0 secs / 1.553 secs)
[1A[2KChrome 145.0.0.0 (Windows 10): Executed 173 of 248[31m (14 FAILED)[39m (0 secs / 1.556 secs)
[1A[2KChrome 145.0.0.0 (Windows 10): Executed 174 of 248[31m (14 FAILED)[39m (0 secs / 1.56 secs)
[1A[2KChrome 145.0.0.0 (Windows 10): Executed 175 of 248[31m (14 FAILED)[39m (0 secs / 1.564 secs)
[1A[2KChrome 145.0.0.0 (Windows 10): Executed 176 of 248[31m (14 FAILED)[39m (0 secs / 1.568 secs)
[1A[2KChrome 145.0.0.0 (Windows 10): Executed 177 of 248[31m (14 FAILED)[39m (0 secs / 1.572 secs)
[1A[2KChrome 145.0.0.0 (Windows 10): Executed 178 of 248[31m (14 FAILED)[39m (0 secs / 1.576 secs)
[1A[2KChrome 145.0.0.0 (Windows 10): Executed 179 of 248[31m (14 FAILED)[39m (0 secs / 1.587 secs)
[1A[2KChrome 145.0.0.0 (Windows 10): Executed 180 of 248[31m (14 FAILED)[39m (0 secs / 1.591 secs)
[1A[2KChrome 145.0.0.0 (Windows 10): Executed 181 of 248[31m (14 FAILED)[39m (0 secs / 1.595 secs)
[1A[2KChrome 145.0.0.0 (Windows 10): Executed 182 of 248[31m (14 FAILED)[39m (0 secs / 1.598 secs)
[1A[2KChrome 145.0.0.0 (Windows 10): Executed 183 of 248[31m (14 FAILED)[39m (0 secs / 1.636 secs)
[1A[2KChrome 145.0.0.0 (Windows 10): Executed 184 of 248[31m (14 FAILED)[39m (0 secs / 1.642 secs)
[1A[2KChrome 145.0.0.0 (Windows 10): Executed 185 of 248[31m (14 FAILED)[39m (0 secs / 1.648 secs)
[1A[2KChrome 145.0.0.0 (Windows 10): Executed 186 of 248[31m (14 FAILED)[39m (0 secs / 1.652 secs)
[1A[2KChrome 145.0.0.0 (Windows 10): Executed 187 of 248[31m (14 FAILED)[39m (0 secs / 1.656 secs)
[1A[2KChrome 145.0.0.0 (Windows 10): Executed 188 of 248[31m (14 FAILED)[39m (0 secs / 1.661 secs)
[1A[2KChrome 145.0.0.0 (Windows 10): Executed 189 of 248[31m (14 FAILED)[39m (0 secs / 1.665 secs)
[1A[2KChrome 145.0.0.0 (Windows 10): Executed 190 of 248[31m (14 FAILED)[39m (0 secs / 1.67 secs)
[1A[2KChrome 145.0.0.0 (Windows 10): Executed 191 of 248[31m (14 FAILED)[39m (0 secs / 1.675 secs)
[1A[2KChrome 145.0.0.0 (Windows 10): Executed 192 of 248[31m (14 FAILED)[39m (0 secs / 1.679 secs)
[1A[2KChrome 145.0.0.0 (Windows 10): Executed 193 of 248[31m (14 FAILED)[39m (0 secs / 1.683 secs)
[1A[2KChrome 145.0.0.0 (Windows 10): Executed 194 of 248[31m (14 FAILED)[39m (0 secs / 1.688 secs)
[1A[2KChrome 145.0.0.0 (Windows 10): Executed 195 of 248[31m (14 FAILED)[39m (0 secs / 1.695 secs)
[1A[2KChrome 145.0.0.0 (Windows 10): Executed 196 of 248[31m (14 FAILED)[39m (0 secs / 1.7 secs)
[1A[2KChrome 145.0.0.0 (Windows 10): Executed 197 of 248[31m (14 FAILED)[39m (0 secs / 1.705 secs)
[1A[2KChrome 145.0.0.0 (Windows 10): Executed 198 of 248[31m (14 FAILED)[39m (0 secs / 1.709 secs)
[1A[2KChrome 145.0.0.0 (Windows 10): Executed 199 of 248[31m (14 FAILED)[39m (0 secs / 1.713 secs)
[1A[2KChrome 145.0.0.0 (Windows 10): Executed 200 of 248[31m (14 FAILED)[39m (0 secs / 1.719 secs)
[1A[2KChrome 145.0.0.0 (Windows 10): Executed 201 of 248[31m (14 FAILED)[39m (0 secs / 1.761 secs)
[1A[2KChrome 145.0.0.0 (Windows 10): Executed 202 of 248[31m (14 FAILED)[39m (0 secs / 1.765 secs)
[1A[2KChrome 145.0.0.0 (Windows 10): Executed 203 of 248[31m (14 FAILED)[39m (0 secs / 1.77 secs)
[1A[2KChrome 145.0.0.0 (Windows 10): Executed 204 of 248[31m (14 FAILED)[39m (0 secs / 1.774 secs)
[1A[2KChrome 145.0.0.0 (Windows 10): Executed 205 of 248[31m (14 FAILED)[39m (0 secs / 1.78 secs)
[1A[2KChrome 145.0.0.0 (Windows 10): Executed 206 of 248[31m (14 FAILED)[39m (0 secs / 1.811 secs)
[1A[2KChrome 145.0.0.0 (Windows 10): Executed 207 of 248[31m (14 FAILED)[39m (0 secs / 1.817 secs)
[1A[2KChrome 145.0.0.0 (Windows 10): Executed 208 of 248[31m (14 FAILED)[39m (0 secs / 1.822 secs)
[1A[2KChrome 145.0.0.0 (Windows 10): Executed 209 of 248[31m (14 FAILED)[39m (0 secs / 1.828 secs)
[1A[2KChrome 145.0.0.0 (Windows 10): Executed 210 of 248[31m (14 FAILED)[39m (0 secs / 1.832 secs)
[1A[2KChrome 145.0.0.0 (Windows 10): Executed 211 of 248[31m (14 FAILED)[39m (0 secs / 1.838 secs)
[1A[2KChrome 145.0.0.0 (Windows 10): Executed 212 of 248[31m (14 FAILED)[39m (0 secs / 1.843 secs)
[1A[2KChrome 145.0.0.0 (Windows 10): Executed 213 of 248[31m (14 FAILED)[39m (0 secs / 1.85 secs)
[1A[2KChrome 145.0.0.0 (Windows 10): Executed 214 of 248[31m (14 FAILED)[39m (0 secs / 1.857 secs)
[1A[2KChrome 145.0.0.0 (Windows 10): Executed 215 of 248[31m (14 FAILED)[39m (0 secs / 1.862 secs)
[1A[2KChrome 145.0.0.0 (Windows 10): Executed 216 of 248[31m (14 FAILED)[39m (0 secs / 1.869 secs)
[1A[2KChrome 145.0.0.0 (Windows 10): Executed 217 of 248[31m (14 FAILED)[39m (0 secs / 1.874 secs)
[1A[2KChrome 145.0.0.0 (Windows 10): Executed 218 of 248[31m (14 FAILED)[39m (0 secs / 1.878 secs)
[1A[2KChrome 145.0.0.0 (Windows 10): Executed 219 of 248[31m (14 FAILED)[39m (0 secs / 1.885 secs)
[1A[2KChrome 145.0.0.0 (Windows 10): Executed 220 of 248[31m (14 FAILED)[39m (0 secs / 1.9 secs)
[1A[2KChrome 145.0.0.0 (Windows 10): Executed 221 of 248[31m (14 FAILED)[39m (0 secs / 1.903 secs)
[1A[2KChrome 145.0.0.0 (Windows 10): Executed 222 of 248[31m (14 FAILED)[39m (0 secs / 1.906 secs)
[1A[2KChrome 145.0.0.0 (Windows 10): Executed 223 of 248[31m (14 FAILED)[39m (0 secs / 1.91 secs)
[1A[2KChrome 145.0.0.0 (Windows 10): Executed 224 of 248[31m (14 FAILED)[39m (0 secs / 1.915 secs)
[1A[2KChrome 145.0.0.0 (Windows 10): Executed 225 of 248[31m (14 FAILED)[39m (0 secs / 1.918 secs)
[1A[2KChrome 145.0.0.0 (Windows 10): Executed 226 of 248[31m (14 FAILED)[39m (0 secs / 1.922 secs)
[1A[2KChrome 145.0.0.0 (Windows 10): Executed 227 of 248[31m (14 FAILED)[39m (0 secs / 1.925 secs)
[1A[2KChrome 145.0.0.0 (Windows 10): Executed 228 of 248[31m (14 FAILED)[39m (0 secs / 2.001 secs)
[1A[2KChrome 145.0.0.0 (Windows 10): Executed 229 of 248[31m (14 FAILED)[39m (0 secs / 2.014 secs)
[1A[2KChrome 145.0.0.0 (Windows 10): Executed 230 of 248[31m (14 FAILED)[39m (0 secs / 2.031 secs)
[1A[2KChrome 145.0.0.0 (Windows 10): Executed 231 of 248[31m (14 FAILED)[39m (0 secs / 2.045 secs)
[1A[2KChrome 145.0.0.0 (Windows 10): Executed 232 of 248[31m (14 FAILED)[39m (0 secs / 2.059 secs)
[1A[2KChrome 145.0.0.0 (Windows 10): Executed 233 of 248[31m (14 FAILED)[39m (0 secs / 2.073 secs)
[1A[2KChrome 145.0.0.0 (Windows 10): Executed 234 of 248[31m (14 FAILED)[39m (0 secs / 2.086 secs)
[1A[2KChrome 145.0.0.0 (Windows 10): Executed 235 of 248[31m (14 FAILED)[39m (0 secs / 2.098 secs)
[1A[2KChrome 145.0.0.0 (Windows 10): Executed 236 of 248[31m (14 FAILED)[39m (0 secs / 2.111 secs)
[1A[2KChrome 145.0.0.0 (Windows 10): Executed 237 of 248[31m (14 FAILED)[39m (0 secs / 2.122 secs)
[1A[2KChrome 145.0.0.0 (Windows 10): Executed 238 of 248[31m (14 FAILED)[39m (0 secs / 2.134 secs)
[1A[2KChrome 145.0.0.0 (Windows 10): Executed 239 of 248[31m (14 FAILED)[39m (0 secs / 2.147 secs)
[1A[2KChrome 145.0.0.0 (Windows 10): Executed 240 of 248[31m (14 FAILED)[39m (0 secs / 2.159 secs)
[1A[2KChrome 145.0.0.0 (Windows 10): Executed 241 of 248[31m (14 FAILED)[39m (0 secs / 2.167 secs)
[1A[2KChrome 145.0.0.0 (Windows 10): Executed 242 of 248[31m (14 FAILED)[39m (0 secs / 2.17 secs)
[1A[2KChrome 145.0.0.0 (Windows 10): Executed 243 of 248[31m (14 FAILED)[39m (0 secs / 2.174 secs)
[1A[2KChrome 145.0.0.0 (Windows 10): Executed 244 of 248[31m (14 FAILED)[39m (0 secs / 2.186 secs)
[1A[2KChrome 145.0.0.0 (Windows 10): Executed 245 of 248[31m (14 FAILED)[39m (0 secs / 2.195 secs)
[1A[2KChrome 145.0.0.0 (Windows 10): Executed 246 of 248[31m (14 FAILED)[39m (0 secs / 2.22 secs)
[1A[2KWARN: [36m'Backend health check failed:', 'NG0205: Injector has already been destroyed.'[39m
Chrome 145.0.0.0 (Windows 10): Executed 246 of 248[31m (14 FAILED)[39m (0 secs / 2.22 secs)
WARN: 'Backend health check failed:', 'NG0205: Injector has already been destroyed.'
[1A[2KChrome 145.0.0.0 (Windows 10): Executed 247 of 248[31m (14 FAILED)[39m (0 secs / 2.23 secs)
[1A[2KWARN: [36m'Backend health check failed:', 'NG0205: Injector has already been destroyed.'[39m
Chrome 145.0.0.0 (Windows 10): Executed 247 of 248[31m (14 FAILED)[39m (0 secs / 2.23 secs)
WARN: 'Backend health check failed:', 'NG0205: Injector has already been destroyed.'
[1A[2KChrome 145.0.0.0 (Windows 10): Executed 248 of 248[31m (14 FAILED)[39m (0 secs / 2.239 secs)
[1A[2KWARN: [36m'Backend health check failed:', 'NG0205: Injector has already been destroyed.'[39m
Chrome 145.0.0.0 (Windows 10): Executed 248 of 248[31m (14 FAILED)[39m (0 secs / 2.239 secs)
WARN: 'Backend health check failed:', 'NG0205: Injector has already been destroyed.'
[1A[2KChrome 145.0.0.0 (Windows 10): Executed 248 of 248[31m (14 FAILED)[39m (2.38 secs / 2.239 secs)
[31mTOTAL: 14 FAILED, 234 SUCCESS[39m
